lib/mockData.ts(15,3): error TS2741: Property 'sales' is missing in type '{ id: string; name: string; category: string; price: number; quantity_sold: number; stock: number; created_at: string; }' but required in type 'Product'.
lib/mockData.ts(16,3): error TS2741: Property 'sales' is missing in type '{ id: string; name: string; category: string; price: number; quantity_sold: number; stock: number; created_at: string; }' but required in type 'Product'.
lib/mockData.ts(17,3): error TS2741: Property 'sales' is missing in type '{ id: string; name: string; category: string; price: number; quantity_sold: number; stock: number; created_at: string; }' but required in type 'Product'.
lib/mockData.ts(18,3): error TS2741: Property 'sales' is missing in type '{ id: string; name: string; category: string; price: number; quantity_sold: number; stock: number; created_at: string; }' but required in type 'Product'.
lib/mockData.ts(19,3): error TS2741: Property 'sales' is missing in type '{ id: string; name: string; category: string; price: number; quantity_sold: number; stock: number; created_at: string; }' but required in type 'Product'.
lib/mockData.ts(20,3): error TS2741: Property 'sales' is missing in type '{ id: string; name: string; category: string; price: number; quantity_sold: number; stock: number; created_at: string; }' but required in type 'Product'.
services/productService.ts(40,7): error TS2741: Property 'sales' is missing in type '{ id: string; name: string; category: string; price: number; quantity_sold: number; stock: number; created_at: string; }' but required in type 'Product'.
services/productService.ts(41,7): error TS2741: Property 'sales' is missing in type '{ id: string; name: string; category: string; price: number; quantity_sold: number; stock: number; created_at: string; }' but required in type 'Product'.
services/productService.ts(42,7): error TS2741: Property 'sales' is missing in type '{ id: string; name: string; category: string; price: number; quantity_sold: number; stock: number; created_at: string; }' but required in type 'Product'.
services/productService.ts(43,7): error TS2741: Property 'sales' is missing in type '{ id: string; name: string; category: string; price: number; quantity_sold: number; stock: number; created_at: string; }' but required in type 'Product'.
services/productService.ts(44,7): error TS2741: Property 'sales' is missing in type '{ id: string; name: string; category: string; price: number; quantity_sold: number; stock: number; created_at: string; }' but required in type 'Product'.
services/teaFarmService.ts(11,56): error TS7006: Parameter 'sum' implicitly has an 'any' type.
services/teaFarmService.ts(11,61): error TS7006: Parameter 'exp' implicitly has an 'any' type.
services/teaFarmService.ts(12,54): error TS7006: Parameter 'sum' implicitly has an 'any' type.
services/teaFarmService.ts(12,59): error TS7006: Parameter 'earn' implicitly has an 'any' type.
services/teaFarmService.ts(23,51): error TS7006: Parameter 'sum' implicitly has an 'any' type.
services/teaFarmService.ts(23,56): error TS7006: Parameter 'exp' implicitly has an 'any' type.
services/teaFarmService.ts(103,50): error TS7006: Parameter 'exp' implicitly has an 'any' type.
services/teaFarmService.ts(106,18): error TS7006: Parameter 'sum' implicitly has an 'any' type.
services/teaFarmService.ts(106,23): error TS7006: Parameter 'exp' implicitly has an 'any' type.
services/teaFarmService.ts(108,50): error TS7006: Parameter 'earn' implicitly has an 'any' type.
services/teaFarmService.ts(111,18): error TS7006: Parameter 'sum' implicitly has an 'any' type.
services/teaFarmService.ts(111,23): error TS7006: Parameter 'earn' implicitly has an 'any' type.
